node.exe : C:\Users\lucas\.gem
ini\antigravity\scratch\whatsa
pp-saas\node_modules\openai\sr
c\client.ts:392
No linha:1 caractere:1
+ & "C:\Program 
Files\nodejs/node.exe" 
"C:\Program 
Files\nodejs/node_mo ...
+ ~~~~~~~~~~~~~~~~~~~~~~~~~~~~
~~~~~~~~~~~~~~~~~~~~~~~~~~~~~~
~~~~~~~~~~~
    + CategoryInfo          : 
    NotSpecified: (C:\Users\  
  lucas\...c\client.ts:392:   
 String) [], RemoteExcepti    
on
    + FullyQualifiedErrorId : 
    NativeCommandError
 
      throw new 
Errors.OpenAIError(
            ^

OpenAIError: Missing 
credentials. Please pass an 
`apiKey`, or set the 
`OPENAI_API_KEY` environment 
variable.
    at new OpenAI (C:\Users\lu
cas\.gemini\antigravity\scratc
h\whatsapp-saas\node_modules\o
penai\src\client.ts:392:13)
    at OpenAI (C:\Users\lucas\
.gemini\antigravity\scratch\wh
atsapp-saas\src\services\ai.se
rvice.ts:44:16)
    at Object.<anonymous> (C:\
Users\lucas\.gemini\antigravit
y\scratch\whatsapp-saas\src\se
rvices\ai.service.ts:587:1)
    at Module._compile (node:i
nternal/modules/cjs/loader:180
4:14)
    at Object.transformer (C:\
Users\lucas\.gemini\antigravit
y\scratch\whatsapp-saas\node_m
odules\tsx\dist\register-D46fv
sV_.cjs:3:1104)
    at Module.load (node:inter
nal/modules/cjs/loader:1525:32
)
    at Module._load (node:inte
rnal/modules/cjs/loader:1327:1
2)
    at 
TracingChannel.traceSync (node
:diagnostics_channel:328:14)
    at wrapModuleLoad (node:in
ternal/modules/cjs/loader:245:
24)
    at Module.require (node:in
ternal/modules/cjs/loader:1548
:12)

Node.js v24.13.1
